# flow/nextpnr.sh: yosys 0.69+260 / nextpnr-0.11.1-54-g861c57be
# model: flow/fabulous.sh output (.FABulous/{bel.v3,pips}.txt of the LOGIC4 fabric)
$ yosys -p 'synth_fabulous -top top -noiopad -extra-plib prims.v -json top.json' top.v
Warning: Feature 'write_xaiger2' is experimental.
$ FAB_ROOT=<fabulous-run> nextpnr-generic --uarch fabulous --json top.json -o fasm=top.fasm
Info: Reading BELs file: /.FABulous/bel.v3.txt
Info: Reading PIPs file: /.FABulous/pips.txt

Info: No PCF file specified, skipping constraints application.

Info: Device utilisation:
Info: 	        Global_Clock:       0/      1     0%
Info: 	         lut4_ff_bel:       2/      4    50%

Info: Placed 0 cells based on constraints.
Info: Creating initial analytic placement for 2 cells, random placement wirelen = 0.
Info:     at initial placer iter 0, wirelen = 0
Info:     at initial placer iter 1, wirelen = 0
Info:     at initial placer iter 2, wirelen = 0
Info:     at initial placer iter 3, wirelen = 0
Info: Running main analytical placer, max placement attempts per cell = 10000.
Info:   of which solving equations: 0.00s
Info:   of which spreading cells: 0.00s
Info:   of which strict legalisation: 0.00s

Info: Running simulated annealing placer for refinement.

Info: No Fmax available; no interior timing paths found in design.

Info: Routing..
Info: Setting up routing queue.
Info: Routing 1 arcs.
Info:    IterCnt |  w/ripup   wo/ripup |  w/r  wo/r |      arcs| batch(sec) total(sec)|
Info:          1 |        0          1 |    0     1 |         0|       0.00       0.00|
Info: Routing complete.

Info: No Fmax available; no interior timing paths found in design.

Info: Program finished normally.
# --- top.fasm ---
# routing for net '$PACKER_GND'


# routing for net '$PACKER_VCC'


# routing for net 'n2'


# routing for net 'n1'

X1Y1.LB_O.E1BEG3
X1Y1.W1END0.LA_I0
X1Y1.E1BEG3.E1END3
X2Y1.E1END3.W1BEG0
X2Y1.W1BEG0.W1END0

# config for cell '$PACKER_GND_DRV'


# config for cell '$PACKER_VCC_DRV'


# config for cell 'u1'

X1Y1.A.INIT[15:0] = 'b0110100110010110

# config for cell 'u0'

X1Y1.B.INIT[15:0] = 'b0110100110010110

# --- ADR-0005 design: top_io.v (ports + constant-folded LUTs) ---
$ nextpnr_io_overlay.py <fabulous-run>/.FABulous <run>/io-model/.FABulous   (harness pad model)
$ yosys -p 'synth_fabulous -top top -extra-plib prims.v -extra-plib io_prims.v -extra-map io_map.v -cells-map cells_map.v -json top_io.json' top_io.v
Warning: Feature 'write_xaiger2' is experimental.
$ FAB_ROOT=<run>/io-model nextpnr-generic --uarch fabulous --json top_io.json -o pcf=top_io.pcf -o fasm=top_io.fasm
Info: Reading BELs file: /.FABulous/bel.v3.txt
Info: Reading PIPs file: /.FABulous/pips.txt

Info: constrained 'a' to bel 'X1Y0/A'
Info: constrained 'b' to bel 'X1Y0/B'
Info: constrained 'c' to bel 'X1Y0/C'
Info: constrained 'd' to bel 'X1Y0/D'
Info: constrained 'y' to bel 'X1Y2/A'
Info: constrained 'w' to bel 'X1Y2/B'
Info: Finished applying constraints from '<nextpnr-src>/top_io.pcf'

Info: Device utilisation:
Info: 	IO_1_bidirectional_frame_config_pass:       6/      8    75%
Info: 	        Global_Clock:       0/      1     0%
Info: 	         lut4_ff_bel:       2/      4    50%

Info: Placed 6 cells based on constraints.
Info: Creating initial analytic placement for 2 cells, random placement wirelen = 6.
Info:     at initial placer iter 0, wirelen = 4
Info:     at initial placer iter 1, wirelen = 4
Info:     at initial placer iter 2, wirelen = 4
Info:     at initial placer iter 3, wirelen = 4
Info: Running main analytical placer, max placement attempts per cell = 10000.
Info:   of which solving equations: 0.00s
Info:   of which spreading cells: 0.00s
Info:   of which strict legalisation: 0.00s

Info: Running simulated annealing placer for refinement.

Info: No Fmax available; no interior timing paths found in design.

Info: Routing..
Info: Setting up routing queue.
Info: Routing 9 arcs.
Info:    IterCnt |  w/ripup   wo/ripup |  w/r  wo/r |      arcs| batch(sec) total(sec)|
Info:          9 |        0          9 |    0     9 |         0|       0.00       0.00|
Info: Routing complete.

Info: No Fmax available; no interior timing paths found in design.

Info: Program finished normally.
# --- top_io.fasm ---
# routing for net '$PACKER_GND'


# routing for net '$PACKER_VCC'


# routing for net 'y'


# routing for net 'w'


# routing for net 'd'


# routing for net 'c'


# routing for net 'b'


# routing for net 'a'


# routing for net '$abc$259$aiger$o1'

X1Y1.LD_O.S1BEG3
X1Y1.S1BEG3.S1END3
X1Y2.S1END3.IOA_I

# routing for net '$abc$259$iopadmap$d'

X1Y0.IOD_O.S1BEG3
X1Y0.S1BEG3.S1END3
X1Y1.S1END3.LD_I3

# routing for net '$abc$259$aiger$o0'

X1Y1.LA_O.S1BEG1
X1Y1.S1BEG1.S1END1
X1Y2.S1END1.IOB_I

# routing for net '$abc$259$lut$aiger$o0.I[3]'


# routing for net '$abc$259$iopadmap$c'

X1Y0.IOC_O.S1BEG2
X1Y0.S1BEG2.S1END2
X1Y1.S1END2.LA_I2
X1Y1.S1END2.LD_I2

# routing for net '$abc$259$iopadmap$b'

X1Y0.IOB_O.S1BEG1
X1Y0.S1BEG1.S1END1
X1Y1.S1END1.LA_I1
X1Y1.S1END1.LD_I1

# routing for net '$abc$259$iopadmap$a'

X1Y0.IOA_O.S1BEG0
X1Y0.S1BEG0.S1END0
X1Y1.S1END0.LA_I0
X1Y1.S1END0.LD_I0

# config for cell '$PACKER_GND_DRV'


# config for cell '$PACKER_VCC_DRV'


# config for cell '$iopadmap$top.y._io'


# config for cell '$iopadmap$top.w._io'


# config for cell '$iopadmap$top.d._io'


# config for cell '$iopadmap$top.c._io'


# config for cell '$iopadmap$top.b._io'


# config for cell '$iopadmap$top.a._io'


# config for cell '$auto$abc_ops_reintegrate.cc:696:reintegrate$260._lut'

X1Y1.D.INIT[15:0] = 'b0110100110010110

# config for cell '$abc$259$lut$aiger$o0._lut'

X1Y1.A.INIT[15:0] = 'b1000000010000000

# --- probe (expected FAIL): top_ports.v, 4-input function on top-level ports ---
Warning: Feature 'write_xaiger2' is experimental.
ERROR: Top-level port 'y' connected to illegal port $auto$abc_ops_reintegrate.cc:696:reintegrate$241._lut.O (must be PAD)
ERROR: Packing design failed.
0 warnings, 2 errors
# --- probe (expected FAIL): top_const.v, top.v with one LUT input tied to 1'b0 ---
Warning: Feature 'write_xaiger2' is experimental.
Warning: Failed to find a route for arc 0 of net $PACKER_GND.
ERROR: Routing design failed.
1 warning, 1 error
